../Core/Src/main.c:72:6:display7SEG	24	static
../Core/Src/main.c:89:6:update7SEG	16	static
../Core/Src/main.c:129:6:updateClockBuffer	4	static
../Core/Src/main.c:149:6:moveAnimation	16	static
../Core/Src/main.c:156:6:updateLEDMatrix	24	static
../Core/Src/main.c:214:5:main	8	static
../Core/Src/main.c:300:6:SystemClock_Config	72	static
../Core/Src/main.c:337:13:MX_TIM2_Init	32	static
../Core/Src/main.c:382:13:MX_GPIO_Init	32	static
../Core/Src/main.c:440:6:HAL_TIM_PeriodElapsedCallback	16	static
../Core/Src/main.c:449:6:Error_Handler	4	static,ignoring_inline_asm
