../Core/Src/main.c:72:6:display7SEG	24	static
../Core/Src/main.c:89:6:update7SEG	16	static
../Core/Src/main.c:129:6:updateClockBuffer	4	static
../Core/Src/main.c:152:6:updateLEDMatrix	24	static
../Core/Src/main.c:210:5:main	8	static
../Core/Src/main.c:291:6:SystemClock_Config	72	static
../Core/Src/main.c:328:13:MX_TIM2_Init	32	static
../Core/Src/main.c:373:13:MX_GPIO_Init	32	static
../Core/Src/main.c:431:6:HAL_TIM_PeriodElapsedCallback	16	static
../Core/Src/main.c:440:6:Error_Handler	4	static,ignoring_inline_asm
