2025-10-03 13:54:55,617 [INFO] Activator:176 - 


2025-10-03 13:54:55,617 [INFO] Activator:177 - !SESSION log4j initialized
2025-10-03 13:54:59,802 [INFO] LogOutputStream:77 - [STDOUT_REDIRECT] 
2025-10-03 13:55:00,561 [INFO] ApplicationProperties:184 - Using Application install path: C:\ST\STM32CubeIDE_1.19.0\STM32CubeIDE\plugins\com.st.stm32cube.common.mx_6.15.0.202507011659
2025-10-03 13:55:00,574 [INFO] DbMcusXml:78 - Set database path to: C:\ST\STM32CubeIDE_1.19.0\STM32CubeIDE\plugins\com.st.stm32cube.common.mx_6.15.0.202507011659\\db\/mcu/
2025-10-03 13:55:00,574 [INFO] ApiDb:274 - Set plugin database path to: C:\ST\STM32CubeIDE_1.19.0\STM32CubeIDE\plugins\com.st.stm32cube.common.mx_6.15.0.202507011659\\db\/plugins/boardmanager/
2025-10-03 13:55:00,575 [WARN] ApiDb:259 - Overriding images path with different value:  => C:\ST\STM32CubeIDE_1.19.0\STM32CubeIDE\plugins\com.st.stm32cube.common.mx_6.15.0.202507011659\\db\/plugins/mcufinder/images/
2025-10-03 13:55:00,579 [INFO] ApiDb:250 - Set database path to: C:\Users\Acer\.stmcufinder\plugins\mcufinder//mcu/
2025-10-03 13:55:00,580 [INFO] DbMcusAds:125 - Set database path to: C:\Users\Acer\.stmcufinder\plugins\mcufinder//mcu/
2025-10-03 13:55:00,581 [INFO] CrossReferenceDbSqlite:203 - Set database path to: C:\Users\Acer\.stmcufinder\plugins\mcufinder//mcu/cs/
2025-10-03 13:55:00,681 [INFO] RulesReader:64 - Compatibility file has been processed (317 Rules)
2025-10-03 13:55:00,749 [INFO] DbMcusXml:78 - Set database path to: C:\ST\STM32CubeIDE_1.19.0\STM32CubeIDE\plugins\com.st.stm32cube.common.mx_6.15.0.202507011659\\db\/mcu/
2025-10-03 13:55:00,750 [INFO] ApiDb:274 - Set plugin database path to: C:\ST\STM32CubeIDE_1.19.0\STM32CubeIDE\plugins\com.st.stm32cube.common.mx_6.15.0.202507011659\\db\/plugins/boardmanager/
2025-10-03 13:55:00,750 [INFO] ApiDb:261 - Set plugin images path to: C:\ST\STM32CubeIDE_1.19.0\STM32CubeIDE\plugins\com.st.stm32cube.common.mx_6.15.0.202507011659\\db\/plugins/mcufinder/images/
2025-10-03 13:55:00,750 [WARN] DbFile:41 - Overriding database path with different value: C:\Users\Acer\.stmcufinder\plugins\mcufinder/ => C:\Users\Acer\.stmcufinder\plugins\mcufinder
2025-10-03 13:55:00,750 [INFO] ApiDb:250 - Set database path to: C:\Users\Acer\.stmcufinder\plugins\mcufinder//mcu/
2025-10-03 13:55:00,750 [WARN] DbFile:41 - Overriding database path with different value: C:\Users\Acer\.stmcufinder\plugins\mcufinder/ => C:\Users\Acer\.stmcufinder\plugins\mcufinder
2025-10-03 13:55:00,750 [INFO] DbMcusAds:125 - Set database path to: C:\Users\Acer\.stmcufinder\plugins\mcufinder//mcu/
2025-10-03 13:55:00,750 [WARN] DbFile:41 - Overriding database path with different value: C:\Users\Acer\.stmcufinder\plugins\mcufinder/ => C:\Users\Acer\.stmcufinder\plugins\mcufinder
2025-10-03 13:55:00,750 [WARN] DbFile:41 - Overriding database path with different value: C:\Users\Acer\.stmcufinder\plugins\mcufinder/ => C:\Users\Acer\.stmcufinder\plugins\mcufinder
2025-10-03 13:55:00,750 [INFO] CrossReferenceDbSqlite:203 - Set database path to: C:\Users\Acer\.stmcufinder\plugins\mcufinder//mcu/cs/
2025-10-03 13:55:00,817 [INFO] MainPanel:274 - HeapMemory: 268435456
2025-10-03 13:55:00,921 [INFO] DbMcusXml:78 - Set database path to: C:\ST\STM32CubeIDE_1.19.0\STM32CubeIDE\plugins\com.st.stm32cube.common.mx_6.15.0.202507011659\\db\/mcu/
2025-10-03 13:55:00,922 [INFO] ApiDb:274 - Set plugin database path to: C:\ST\STM32CubeIDE_1.19.0\STM32CubeIDE\plugins\com.st.stm32cube.common.mx_6.15.0.202507011659\\db\/plugins/boardmanager/
2025-10-03 13:55:00,922 [INFO] ApiDb:261 - Set plugin images path to: C:\ST\STM32CubeIDE_1.19.0\STM32CubeIDE\plugins\com.st.stm32cube.common.mx_6.15.0.202507011659\\db\/plugins/mcufinder/images/
2025-10-03 13:55:00,922 [WARN] DbFile:41 - Overriding database path with different value: C:\Users\Acer\.stmcufinder\plugins\mcufinder/ => C:\Users\Acer\.stmcufinder\plugins\mcufinder
2025-10-03 13:55:00,922 [INFO] ApiDb:250 - Set database path to: C:\Users\Acer\.stmcufinder\plugins\mcufinder//mcu/
2025-10-03 13:55:00,922 [WARN] DbFile:41 - Overriding database path with different value: C:\Users\Acer\.stmcufinder\plugins\mcufinder/ => C:\Users\Acer\.stmcufinder\plugins\mcufinder
2025-10-03 13:55:00,922 [INFO] DbMcusAds:125 - Set database path to: C:\Users\Acer\.stmcufinder\plugins\mcufinder//mcu/
2025-10-03 13:55:00,922 [WARN] DbFile:41 - Overriding database path with different value: C:\Users\Acer\.stmcufinder\plugins\mcufinder/ => C:\Users\Acer\.stmcufinder\plugins\mcufinder
2025-10-03 13:55:00,922 [WARN] DbFile:41 - Overriding database path with different value: C:\Users\Acer\.stmcufinder\plugins\mcufinder/ => C:\Users\Acer\.stmcufinder\plugins\mcufinder
2025-10-03 13:55:00,922 [INFO] CrossReferenceDbSqlite:203 - Set database path to: C:\Users\Acer\.stmcufinder\plugins\mcufinder//mcu/cs/
2025-10-03 13:55:00,939 [INFO] ApplicationProperties:184 - Using Application install path: C:\ST\STM32CubeIDE_1.19.0\STM32CubeIDE\plugins\com.st.stm32cube.common.mx_6.15.0.202507011659
2025-10-03 13:55:00,940 [INFO] PluginManage:196 - Search for loadable plugins [exclusion list=, ]
2025-10-03 13:55:00,941 [INFO] PluginManage:310 - Check plugin analytics
2025-10-03 13:55:01,147 [INFO] AnalyticsPlugin:253 - Accepted Software Licenses: STM32CubeMX.6.15.0
2025-10-03 13:55:01,148 [INFO] AnalyticsPlugin:255 - Accepted CMSIS Pack Licenses: 
2025-10-03 13:55:01,148 [INFO] AnalyticsPlugin:257 - Accepted Firmware Licenses: 
2025-10-03 13:55:01,151 [INFO] PluginManage:359 - Loaded plugin analytics (category:tool,tabindex:-1)
2025-10-03 13:55:01,151 [INFO] PluginManage:310 - Check plugin cadmodel
2025-10-03 13:55:01,155 [INFO] CADModel:105 - Init CAD model plugin
2025-10-03 13:55:01,155 [INFO] PluginManage:359 - Loaded plugin cadmodel (category:power,tabindex:5)
2025-10-03 13:55:01,156 [INFO] PluginManage:310 - Check plugin clock
2025-10-03 13:55:01,162 [INFO] PluginManage:359 - Loaded plugin clock (category:base,tabindex:2)
2025-10-03 13:55:01,163 [INFO] PluginManage:310 - Check plugin ddr
2025-10-03 13:55:01,164 [INFO] PluginManage:359 - Loaded plugin ddr (category:tool,tabindex:6)
2025-10-03 13:55:01,164 [INFO] PluginManage:310 - Check plugin filemanager
2025-10-03 13:55:01,279 [INFO] PluginManage:359 - Loaded plugin filemanager (category:base,tabindex:10)
2025-10-03 13:55:01,279 [INFO] PluginManage:310 - Check plugin ipmanager
2025-10-03 13:55:01,284 [INFO] PluginManage:359 - Loaded plugin ipmanager (category:base,tabindex:5)
2025-10-03 13:55:01,285 [INFO] PluginManage:310 - Check plugin lpbam
2025-10-03 13:55:01,291 [INFO] PluginManage:359 - Loaded plugin lpbam (category:base,tabindex:0)
2025-10-03 13:55:01,291 [INFO] PluginManage:310 - Check plugin memorymap
2025-10-03 13:55:01,300 [INFO] PluginManage:359 - Loaded plugin memorymap (category:base,tabindex:4)
2025-10-03 13:55:01,300 [INFO] PluginManage:310 - Check plugin pinoutandconfiguration
2025-10-03 13:55:01,307 [INFO] PluginManage:359 - Loaded plugin pinoutandconfiguration (category:base,tabindex:1)
2025-10-03 13:55:01,307 [INFO] PluginManage:310 - Check plugin pinoutconfig
2025-10-03 13:55:01,378 [WARN] SupportedApi:132 - Cannot load RTOS API schema: s4s-elt-must-match.1: The content of 'definitions' must match (annotation?, (simpleType | complexType)?, (unique | key | keyref)*)). A problem was found starting at: attribute.
2025-10-03 13:55:01,481 [INFO] PluginManage:359 - Loaded plugin pinoutconfig (category:base,tabindex:0)
2025-10-03 13:55:01,481 [INFO] PluginManage:310 - Check plugin power
2025-10-03 13:55:01,488 [INFO] PluginManage:359 - Loaded plugin power (category:power,tabindex:4)
2025-10-03 13:55:01,488 [INFO] PluginManage:310 - Check plugin projectmanager
2025-10-03 13:55:01,501 [INFO] PluginManage:359 - Loaded plugin projectmanager (category:projectmanager,tabindex:4)
2025-10-03 13:55:01,501 [INFO] PluginManage:310 - Check plugin rif
2025-10-03 13:55:01,512 [INFO] PluginManage:359 - Loaded plugin rif (category:base,tabindex:3)
2025-10-03 13:55:01,512 [INFO] PluginManage:310 - Check plugin thirdparty
2025-10-03 13:55:01,619 [INFO] PluginManage:359 - Loaded plugin thirdparty (category:base,tabindex:-1)
2025-10-03 13:55:01,619 [WARN] IntegrityCheckThread:84 - waiting for thirdparty lock release [integrity check]
2025-10-03 13:55:01,619 [INFO] PluginManage:310 - Check plugin tools
2025-10-03 13:55:01,619 [INFO] IntegrityCheckThread:86 - entering critical section [integrity check]
2025-10-03 13:55:01,620 [INFO] ThirdPartyUpdaterWithRetryManager:70 - Updater plugin not ready yet. [1/15]
2025-10-03 13:55:01,622 [INFO] PluginManage:359 - Loaded plugin tools (category:base,tabindex:7)
2025-10-03 13:55:01,622 [INFO] PluginManage:310 - Check plugin tutovideos
2025-10-03 13:55:01,792 [INFO] PluginManage:359 - Loaded plugin tutovideos (category:base,tabindex:-1)
2025-10-03 13:55:01,792 [INFO] PluginManage:310 - Check plugin updater
2025-10-03 13:55:01,809 [INFO] PluginManage:359 - Loaded plugin updater (category:base,tabindex:12)
2025-10-03 13:55:01,809 [INFO] PluginManage:310 - Check plugin userauth
2025-10-03 13:55:01,811 [INFO] UserAuth:118 - Init User Auth plugin
2025-10-03 13:55:01,812 [INFO] PluginManage:359 - Loaded plugin userauth (category:base,tabindex:14)
2025-10-03 13:55:01,813 [INFO] PluginManage:283 - PluginManage : Loaded plugins [18]
2025-10-03 13:55:01,965 [INFO] PinOutPanel:1589 - setPackage(No Configuration,No Configuration)
2025-10-03 13:55:02,028 [INFO] CADModel:165 - CPN selected for project level
2025-10-03 13:55:02,028 [INFO] CADModel:114 - Register for checkConnection events
2025-10-03 13:55:02,045 [INFO] IPUIPlugin:80 - create IPUIPlugin
2025-10-03 13:55:02,045 [INFO] PluginManager:220 - loadIPPluginJar : add adc
2025-10-03 13:55:02,047 [INFO] IPUIPlugin:80 - create IPUIPlugin
2025-10-03 13:55:02,047 [INFO] PluginManager:220 - loadIPPluginJar : add aes
2025-10-03 13:55:02,049 [INFO] IPUIPlugin:80 - create IPUIPlugin
2025-10-03 13:55:02,049 [INFO] PluginManager:220 - loadIPPluginJar : add can
2025-10-03 13:55:02,050 [INFO] IPUIPlugin:80 - create IPUIPlugin
2025-10-03 13:55:02,050 [INFO] PluginManager:220 - loadIPPluginJar : add comp
2025-10-03 13:55:02,052 [INFO] IPUIPlugin:80 - create IPUIPlugin
2025-10-03 13:55:02,052 [INFO] PluginManager:220 - loadIPPluginJar : add cryp
2025-10-03 13:55:02,054 [INFO] IPUIPlugin:80 - create IPUIPlugin
2025-10-03 13:55:02,054 [INFO] PluginManager:220 - loadIPPluginJar : add ddr_ctrl_phy
2025-10-03 13:55:02,056 [INFO] IPUIPlugin:80 - create IPUIPlugin
2025-10-03 13:55:02,056 [INFO] PluginManager:220 - loadIPPluginJar : add dfsdm
2025-10-03 13:55:02,060 [INFO] IPUIPlugin:80 - create IPUIPlugin
2025-10-03 13:55:02,061 [INFO] PluginManager:220 - loadIPPluginJar : add dma
2025-10-03 13:55:02,062 [INFO] IPUIPlugin:80 - create IPUIPlugin
2025-10-03 13:55:02,063 [INFO] PluginManager:220 - loadIPPluginJar : add dma3
2025-10-03 13:55:02,064 [INFO] IPUIPlugin:80 - create IPUIPlugin
2025-10-03 13:55:02,064 [INFO] PluginManager:220 - loadIPPluginJar : add extmemmanager
2025-10-03 13:55:02,065 [INFO] IPUIPlugin:80 - create IPUIPlugin
2025-10-03 13:55:02,065 [INFO] PluginManager:220 - loadIPPluginJar : add fatfs
2025-10-03 13:55:02,069 [INFO] IPUIPlugin:80 - create IPUIPlugin
2025-10-03 13:55:02,069 [INFO] PluginManager:220 - loadIPPluginJar : add fmc
2025-10-03 13:55:02,073 [INFO] IPUIPlugin:80 - create IPUIPlugin
2025-10-03 13:55:02,074 [INFO] PluginManager:220 - loadIPPluginJar : add freertos
2025-10-03 13:55:02,076 [INFO] IPUIPlugin:80 - create IPUIPlugin
2025-10-03 13:55:02,076 [INFO] PluginManager:220 - loadIPPluginJar : add genericplugin
2025-10-03 13:55:02,077 [INFO] IPUIPlugin:80 - create IPUIPlugin
2025-10-03 13:55:02,077 [INFO] PluginManager:220 - loadIPPluginJar : add gfxmmu
2025-10-03 13:55:02,081 [INFO] IPUIPlugin:80 - create IPUIPlugin
2025-10-03 13:55:02,082 [INFO] PluginManager:220 - loadIPPluginJar : add gic
2025-10-03 13:55:02,085 [INFO] IPUIPlugin:80 - create IPUIPlugin
2025-10-03 13:55:02,086 [INFO] PluginManager:220 - loadIPPluginJar : add gpio
2025-10-03 13:55:02,088 [INFO] IPUIPlugin:80 - create IPUIPlugin
2025-10-03 13:55:02,088 [INFO] PluginManager:220 - loadIPPluginJar : add gtzc
2025-10-03 13:55:02,091 [INFO] IPUIPlugin:80 - create IPUIPlugin
2025-10-03 13:55:02,091 [INFO] PluginManager:220 - loadIPPluginJar : add hash
2025-10-03 13:55:02,094 [INFO] IPUIPlugin:80 - create IPUIPlugin
2025-10-03 13:55:02,094 [INFO] PluginManager:220 - loadIPPluginJar : add i2c
2025-10-03 13:55:02,096 [INFO] IPUIPlugin:80 - create IPUIPlugin
2025-10-03 13:55:02,096 [INFO] PluginManager:220 - loadIPPluginJar : add i2s
2025-10-03 13:55:02,099 [INFO] IPUIPlugin:80 - create IPUIPlugin
2025-10-03 13:55:02,099 [INFO] PluginManager:220 - loadIPPluginJar : add i3c
2025-10-03 13:55:02,102 [INFO] IPUIPlugin:80 - create IPUIPlugin
2025-10-03 13:55:02,102 [INFO] PluginManager:220 - loadIPPluginJar : add ipddr
2025-10-03 13:55:02,108 [INFO] IPUIPlugin:80 - create IPUIPlugin
2025-10-03 13:55:02,108 [INFO] PluginManager:220 - loadIPPluginJar : add linkedlist
2025-10-03 13:55:02,110 [INFO] IPUIPlugin:80 - create IPUIPlugin
2025-10-03 13:55:02,110 [INFO] PluginManager:220 - loadIPPluginJar : add lorawan
2025-10-03 13:55:02,112 [INFO] IPUIPlugin:80 - create IPUIPlugin
2025-10-03 13:55:02,112 [INFO] PluginManager:220 - loadIPPluginJar : add ltdc
2025-10-03 13:55:02,118 [INFO] IPUIPlugin:80 - create IPUIPlugin
2025-10-03 13:55:02,118 [INFO] PluginManager:220 - loadIPPluginJar : add mdma
2025-10-03 13:55:02,122 [INFO] IPUIPlugin:80 - create IPUIPlugin
2025-10-03 13:55:02,122 [INFO] PluginManager:220 - loadIPPluginJar : add nvic
2025-10-03 13:55:02,125 [INFO] IPUIPlugin:80 - create IPUIPlugin
2025-10-03 13:55:02,125 [INFO] PluginManager:220 - loadIPPluginJar : add opamp
2025-10-03 13:55:02,127 [INFO] IPUIPlugin:80 - create IPUIPlugin
2025-10-03 13:55:02,127 [INFO] PluginManager:220 - loadIPPluginJar : add openamp
2025-10-03 13:55:02,130 [INFO] IPUIPlugin:80 - create IPUIPlugin
2025-10-03 13:55:02,130 [INFO] PluginManager:220 - loadIPPluginJar : add pdm2pcm
2025-10-03 13:55:02,136 [INFO] IPUIPlugin:80 - create IPUIPlugin
2025-10-03 13:55:02,140 [INFO] PluginManager:220 - loadIPPluginJar : add plateformsettings
2025-10-03 13:55:02,141 [INFO] IPUIPlugin:80 - create IPUIPlugin
2025-10-03 13:55:02,141 [INFO] PluginManager:220 - loadIPPluginJar : add quadspi
2025-10-03 13:55:02,143 [INFO] IPUIPlugin:80 - create IPUIPlugin
2025-10-03 13:55:02,144 [INFO] PluginManager:220 - loadIPPluginJar : add radio
2025-10-03 13:55:02,147 [INFO] IPUIPlugin:80 - create IPUIPlugin
2025-10-03 13:55:02,148 [INFO] PluginManager:220 - loadIPPluginJar : add resmgrutility
2025-10-03 13:55:02,151 [INFO] IPUIPlugin:80 - create IPUIPlugin
2025-10-03 13:55:02,151 [INFO] PluginManager:220 - loadIPPluginJar : add sai
2025-10-03 13:55:02,153 [INFO] IPUIPlugin:80 - create IPUIPlugin
2025-10-03 13:55:02,153 [INFO] PluginManager:220 - loadIPPluginJar : add spi
2025-10-03 13:55:02,159 [INFO] IPUIPlugin:80 - create IPUIPlugin
2025-10-03 13:55:02,159 [INFO] PluginManager:220 - loadIPPluginJar : add stm32_wpan
2025-10-03 13:55:02,162 [INFO] IPUIPlugin:80 - create IPUIPlugin
2025-10-03 13:55:02,162 [INFO] PluginManager:220 - loadIPPluginJar : add tim
2025-10-03 13:55:02,165 [INFO] IPUIPlugin:80 - create IPUIPlugin
2025-10-03 13:55:02,165 [INFO] PluginManager:220 - loadIPPluginJar : add touchsensing
2025-10-03 13:55:02,167 [INFO] IPUIPlugin:80 - create IPUIPlugin
2025-10-03 13:55:02,167 [INFO] PluginManager:220 - loadIPPluginJar : add tracer_emb
2025-10-03 13:55:02,169 [INFO] IPUIPlugin:80 - create IPUIPlugin
2025-10-03 13:55:02,169 [INFO] PluginManager:220 - loadIPPluginJar : add ts
2025-10-03 13:55:02,171 [INFO] IPUIPlugin:80 - create IPUIPlugin
2025-10-03 13:55:02,171 [INFO] PluginManager:220 - loadIPPluginJar : add tsc
2025-10-03 13:55:02,172 [INFO] IPUIPlugin:80 - create IPUIPlugin
2025-10-03 13:55:02,172 [INFO] PluginManager:220 - loadIPPluginJar : add ucpd
2025-10-03 13:55:02,175 [INFO] IPUIPlugin:80 - create IPUIPlugin
2025-10-03 13:55:02,175 [INFO] PluginManager:220 - loadIPPluginJar : add usart
2025-10-03 13:55:02,179 [INFO] IPUIPlugin:80 - create IPUIPlugin
2025-10-03 13:55:02,179 [INFO] PluginManager:220 - loadIPPluginJar : add usbx
2025-10-03 13:55:02,295 [FATAL] Updater:351 - Updater called before beeing initialized
2025-10-03 13:55:02,318 [INFO] RulesReader:64 - Compatibility file has been processed (317 Rules)
2025-10-03 13:55:02,329 [INFO] RulesReader:64 - Compatibility file has been processed (317 Rules)
2025-10-03 13:55:02,336 [INFO] CADModel:165 - CPN selected for project level
2025-10-03 13:55:02,337 [INFO] CADModel:114 - Register for checkConnection events
2025-10-03 13:55:02,337 [FATAL] Updater:351 - Updater called before beeing initialized
2025-10-03 13:55:02,337 [ERROR] CADModel:125 - Updater not yet initialized, retry later 
2025-10-03 13:55:02,451 [FATAL] Updater:351 - Updater called before beeing initialized
2025-10-03 13:55:02,452 [INFO] CADModel:165 - CPN selected for project level
2025-10-03 13:55:02,453 [INFO] CADModel:114 - Register for checkConnection events
2025-10-03 13:55:02,453 [FATAL] Updater:351 - Updater called before beeing initialized
2025-10-03 13:55:02,453 [ERROR] CADModel:125 - Updater not yet initialized, retry later 
2025-10-03 13:55:02,456 [FATAL] Updater:351 - Updater called before beeing initialized
2025-10-03 13:55:02,532 [FATAL] Updater:351 - Updater called before beeing initialized
2025-10-03 13:55:02,535 [INFO] DbMcusAds:53 - JSON generation date=Tue Jul 08 15:14:23 ICT 2025 (1751962463524)
2025-10-03 13:55:02,535 [FATAL] Updater:351 - Updater called before beeing initialized
2025-10-03 13:55:02,560 [WARN] DetailPanel:346 - Failed to get advertising image, set to default
2025-10-03 13:55:02,633 [FATAL] Updater:351 - Updater called before beeing initialized
2025-10-03 13:55:02,635 [FATAL] Updater:351 - Updater called before beeing initialized
2025-10-03 13:55:02,635 [FATAL] Updater:351 - Updater called before beeing initialized
2025-10-03 13:55:02,635 [WARN] DetailPanel:346 - Failed to get advertising image, set to default
2025-10-03 13:55:02,636 [FATAL] Updater:351 - Updater called before beeing initialized
2025-10-03 13:55:02,669 [ERROR] Updater:1198 - MainUpdater not yet initialized. External WinMGr cannot be set.
2025-10-03 13:55:02,670 [INFO] Updater:1134 - Updater Version found : 6.15.0
2025-10-03 13:55:02,685 [INFO] ApplicationProperties:184 - Using Application install path: C:\ST\STM32CubeIDE_1.19.0\STM32CubeIDE\plugins\com.st.stm32cube.common.mx_6.15.0.202507011659
2025-10-03 13:55:04,259 [ERROR] LogOutputStream:75 - [STDERR_REDIRECT] Oct 03, 2025 1:55:04 PM java.util.prefs.WindowsPreferences <init>
2025-10-03 13:55:04,260 [ERROR] LogOutputStream:75 - [STDERR_REDIRECT] WARNING: Could not open/create prefs root node Software\JavaSoft\Prefs at root 0xffffffff80000002. Windows RegCreateKeyEx(...) returned error code 5.
2025-10-03 13:55:04,260 [ERROR] LogOutputStream:75 - [STDERR_REDIRECT] 
2025-10-03 13:55:04,620 [INFO] ThirdPartyUpdaterWithRetryManager:70 - Updater plugin not ready yet. [2/15]
2025-10-03 13:55:04,735 [INFO] MainUpdater:2872 - connection check result : 10
2025-10-03 13:55:04,736 [INFO] MainUpdater:289 - Updater Check For Update Now.
2025-10-03 13:55:04,736 [INFO] MicroXplorer:498 - Change Database Version : DB.6.0.150
2025-10-03 13:55:04,739 [INFO] McuFinderGlobals:63 - Set McuFinder mode to 2 (CubeIDE integrated)
2025-10-03 13:55:04,740 [INFO] UserAuth:171 - activating auth plugin
2025-10-03 13:55:04,742 [INFO] UserAuth:487 - Internet connection configuration mode: 1
2025-10-03 13:55:04,763 [INFO] JxBrowserEngine:152 - Initiate JxBrowser Engine with user profile folder
2025-10-03 13:55:04,895 [INFO] CheckServerUpdateThread:120 - End of CheckServer Thread
2025-10-03 13:55:05,599 [INFO] WebApp:169 - Instantiating new browser for Auth
2025-10-03 13:55:06,135 [INFO] WebApp:463 - Apply proxy settings
2025-10-03 13:55:06,136 [INFO] WebApp:548 - Chromium requires no authentication
2025-10-03 13:55:06,143 [INFO] WebApp:491 - Direct internet connection detected
2025-10-03 13:55:06,171 [INFO] WebApp:900 - Register for checkConnection events
2025-10-03 13:55:06,172 [INFO] WebApp:463 - Apply proxy settings
2025-10-03 13:55:06,172 [INFO] WebApp:548 - Chromium requires no authentication
2025-10-03 13:55:06,173 [INFO] WebApp:491 - Direct internet connection detected
2025-10-03 13:55:06,296 [INFO] WebApp:225 - Starting web application
2025-10-03 13:55:06,296 [INFO] WebApp:593 - Web application path used C:\ST\STM32CubeIDE_1.19.0\STM32CubeIDE\plugins\com.st.stm32cube.common.mx_6.15.0.202507011659\db\plugins\mcufinder\reactClient1\index.html
2025-10-03 13:55:06,687 [INFO] WebApp:191 - Connection restablished
2025-10-03 13:55:07,799 [WARN] PackLoader:240 - Cannot read IP mode file for STMicroelectronics.FP-SNS-MOTENVWB1.1.4.0
2025-10-03 13:55:07,809 [WARN] PackLoader:240 - Cannot read IP mode file for STMicroelectronics.FP-ATR-ASTRA1.2.0.2
2025-10-03 13:55:07,819 [WARN] PackLoader:240 - Cannot read IP mode file for STMicroelectronics.X-CUBE-SMBUS.2.1.0
2025-10-03 13:55:07,824 [WARN] PackLoader:240 - Cannot read IP mode file for STMicroelectronics.X-CUBE-ST60.1.0.0
2025-10-03 13:55:07,854 [WARN] PackLoader:240 - Cannot read IP mode file for STMicroelectronics.X-CUBE-AZRTOS-F7.1.1.0
2025-10-03 13:55:07,861 [WARN] PackLoader:240 - Cannot read IP mode file for Cesanta.I-CUBE-Mongoose.7.19.0
2025-10-03 13:55:07,870 [WARN] PackLoader:240 - Cannot read IP mode file for WES.I-CUBE-Cesium.1.4.0
2025-10-03 13:55:07,901 [WARN] PackLoader:240 - Cannot read IP mode file for Infineon.AIROC-Wi-Fi-Bluetooth-STM32.1.7.1
2025-10-03 13:55:07,939 [WARN] PackLoader:240 - Cannot read IP mode file for STMicroelectronics.X-CUBE-AZRTOS-H7.3.4.0
2025-10-03 13:55:07,972 [WARN] PackLoader:240 - Cannot read IP mode file for STMicroelectronics.X-CUBE-DISPLAY.3.0.0
2025-10-03 13:55:07,991 [WARN] PackLoader:240 - Cannot read IP mode file for STMicroelectronics.X-CUBE-NFC10.1.0.0
2025-10-03 13:55:07,997 [WARN] PackLoader:240 - Cannot read IP mode file for emotas.I-CUBE-CANOPEN.1.3.0
2025-10-03 13:55:08,004 [WARN] PackLoader:240 - Cannot read IP mode file for STMicroelectronics.FP-SNS-SMARTAG2.1.2.0
2025-10-03 13:55:08,011 [WARN] PackLoader:240 - Cannot read IP mode file for STMicroelectronics.FP-SNS-FLIGHT1.5.1.0
2025-10-03 13:55:08,023 [INFO] LogOutputStream:77 - [STDOUT_REDIRECT] 1 : Invalid condition id : UX_CORESTACK_Condition cause : null
2025-10-03 13:55:08,024 [INFO] LogOutputStream:77 - [STDOUT_REDIRECT] 1 : Invalid condition id : UX_CORESTACK_Condition cause : null
2025-10-03 13:55:08,026 [INFO] LogOutputStream:77 - [STDOUT_REDIRECT] 1 : Invalid condition id : UX_CORESTACK_Condition cause : null
2025-10-03 13:55:08,027 [INFO] LogOutputStream:77 - [STDOUT_REDIRECT] 1 : Invalid condition id : UX_CORESTACK_Condition cause : null
2025-10-03 13:55:08,028 [INFO] LogOutputStream:77 - [STDOUT_REDIRECT] 1 : Invalid condition id : UX_CORESTACK_Condition cause : null
2025-10-03 13:55:08,031 [WARN] PackLoader:240 - Cannot read IP mode file for STMicroelectronics.X-CUBE-AZRTOS-WL.2.0.0
2025-10-03 13:55:08,039 [WARN] PackLoader:240 - Cannot read IP mode file for STMicroelectronics.FP-SNS-MOTENV1.5.0.0
2025-10-03 13:55:08,047 [WARN] PackLoader:240 - Cannot read IP mode file for STMicroelectronics.X-CUBE-BLE2.3.3.0
2025-10-03 13:55:08,056 [WARN] PackLoader:240 - Cannot read IP mode file for STMicroelectronics.X-CUBE-NFC9.1.0.0
2025-10-03 13:55:08,065 [WARN] PackLoader:240 - Cannot read IP mode file for wolfSSL.I-CUBE-wolfSSL.5.8.2
2025-10-03 13:55:08,073 [WARN] PackLoader:240 - Cannot read IP mode file for STMicroelectronics.X-CUBE-BLE1.7.1.0
2025-10-03 13:55:08,078 [WARN] PackLoader:240 - Cannot read IP mode file for wolfSSL.I-CUBE-wolfMQTT.1.19.2
2025-10-03 13:55:08,096 [WARN] PackLoader:240 - Cannot read IP mode file for STMicroelectronics.X-CUBE-AZRTOS-G0.1.1.0
2025-10-03 13:55:08,106 [WARN] PackLoader:240 - Cannot read IP mode file for STMicroelectronics.X-CUBE-SAFEA1.1.2.2
2025-10-03 13:55:08,111 [WARN] PackLoader:240 - Cannot read IP mode file for STMicroelectronics.X-CUBE-NFC4.3.0.0
2025-10-03 13:55:08,122 [WARN] PackLoader:240 - Cannot read IP mode file for EmbeddedOffice.I-CUBE-FS-RTOS.1.0.1
2025-10-03 13:55:08,128 [WARN] PackLoader:240 - Cannot read IP mode file for STMicroelectronics.X-CUBE-WB05N.2.0.0
2025-10-03 13:55:08,132 [WARN] PackLoader:240 - Cannot read IP mode file for wolfSSL.I-CUBE-wolfTPM.3.8.0
2025-10-03 13:55:08,139 [WARN] PackLoader:240 - Cannot read IP mode file for STMicroelectronics.X-CUBE-TCPP.4.2.0
2025-10-03 13:55:08,147 [WARN] PackLoader:240 - Cannot read IP mode file for RealThread.X-CUBE-RT-Thread_Nano.4.1.1
2025-10-03 13:55:08,151 [WARN] PackLoader:240 - Cannot read IP mode file for STMicroelectronics.FP-ATR-SIGFOX1.3.2.0
2025-10-03 13:55:08,157 [WARN] PackLoader:240 - Cannot read IP mode file for ITTIA_DB.I-CUBE-ITTIADB.8.9.0
2025-10-03 13:55:08,164 [WARN] PackLoader:240 - Cannot read IP mode file for STMicroelectronics.X-CUBE-ST67W61.1.0.0
2025-10-03 13:55:08,187 [WARN] PackLoader:240 - Cannot read IP mode file for SEGGER.I-CUBE-embOS.1.3.1
2025-10-03 13:55:08,214 [WARN] PackLoader:240 - Cannot read IP mode file for STMicroelectronics.X-CUBE-ALGOBUILD.1.4.0
2025-10-03 13:55:08,242 [WARN] PackLoader:240 - Cannot read IP mode file for STMicroelectronics.X-CUBE-MEMS1.11.3.0
2025-10-03 13:55:08,354 [WARN] PackLoader:240 - Cannot read IP mode file for STMicroelectronics.X-CUBE-PM33A1.1.0.0
2025-10-03 13:55:08,365 [WARN] PackLoader:240 - Cannot read IP mode file for STMicroelectronics.X-CUBE-AZRTOS-F4.1.1.0
2025-10-03 13:55:08,371 [WARN] PackLoader:240 - Cannot read IP mode file for Avnet-IotConnect.X-CUBE-IoTC-DA16k-PMOD.1.0.0
2025-10-03 13:55:08,375 [WARN] PackLoader:240 - Cannot read IP mode file for STMicroelectronics.X-CUBE-ISPU.2.1.0
2025-10-03 13:55:08,380 [WARN] PackLoader:240 - Cannot read IP mode file for STMicroelectronics.X-CUBE-NFC12.1.0.0
2025-10-03 13:55:08,394 [WARN] PackLoader:240 - Cannot read IP mode file for STMicroelectronics.X-CUBE-AZRTOS-L5.2.0.0
2025-10-03 13:55:08,404 [WARN] PackLoader:240 - Cannot read IP mode file for STMicroelectronics.X-CUBE-NFC6.3.1.0
2025-10-03 13:55:08,409 [WARN] PackLoader:240 - Cannot read IP mode file for STMicroelectronics.X-CUBE-FREERTOS.1.3.1
2025-10-03 13:55:08,413 [WARN] PackLoader:240 - Cannot read IP mode file for STMicroelectronics.X-CUBE-DPower.1.3.0
2025-10-03 13:55:08,423 [WARN] ConditionMgr:438 - getConditionDescription Invalid condition id : LAN8742 Phy interface Condition cause : null
2025-10-03 13:55:08,424 [WARN] PackLoader:240 - Cannot read IP mode file for STMicroelectronics.X-CUBE-AZRTOS-L4.2.0.0
2025-10-03 13:55:08,426 [WARN] ConditionMgr:1044 - genDependencies : Invalid condition id : LAN8742 Phy interface Condition cause : null
2025-10-03 13:55:08,426 [WARN] ConditionMgr:1044 - genDependencies : Invalid condition id : LAN8742 Phy interface Condition cause : null
2025-10-03 13:55:08,426 [WARN] ConditionMgr:1044 - genDependencies : Invalid condition id : LAN8742 Phy interface Condition cause : null
2025-10-03 13:55:08,435 [WARN] PackLoader:240 - Cannot read IP mode file for STMicroelectronics.X-CUBE-SFXS2LP1.4.0.0
2025-10-03 13:55:08,444 [WARN] ConditionMgr:438 - getConditionDescription Invalid condition id : UX DEVICE CLASS RTOS Condition cause : null
2025-10-03 13:55:08,444 [WARN] ConditionMgr:438 - getConditionDescription Invalid condition id : UX DEVICE CLASS RTOS Condition cause : null
2025-10-03 13:55:08,445 [WARN] PackLoader:240 - Cannot read IP mode file for STMicroelectronics.X-CUBE-AZRTOS-WB.2.0.0
2025-10-03 13:55:08,446 [WARN] ConditionMgr:1044 - genDependencies : Invalid condition id : UX DEVICE CLASS RTOS Condition cause : null
2025-10-03 13:55:08,446 [WARN] ConditionMgr:1044 - genDependencies : Invalid condition id : UX DEVICE CLASS RTOS Condition cause : null
2025-10-03 13:55:08,446 [WARN] ConditionMgr:1044 - genDependencies : Invalid condition id : UX DEVICE CLASS RTOS Condition cause : null
2025-10-03 13:55:08,446 [WARN] ConditionMgr:1044 - genDependencies : Invalid condition id : UX DEVICE CLASS RTOS Condition cause : null
2025-10-03 13:55:08,446 [WARN] ConditionMgr:1044 - genDependencies : Invalid condition id : UX DEVICE CLASS RTOS Condition cause : null
2025-10-03 13:55:08,453 [WARN] PackLoader:240 - Cannot read IP mode file for STMicroelectronics.X-CUBE-GNSS1.7.0.1
2025-10-03 13:55:08,460 [WARN] PackLoader:240 - Cannot read IP mode file for STMicroelectronics.X-CUBE-TOUCHGFX.4.25.0
2025-10-03 13:55:08,463 [WARN] ConditionMgr:438 - getConditionDescription Invalid condition id : Cortex-A Device cause : null
2025-10-03 13:55:08,478 [WARN] ConditionMgr:1044 - genDependencies : Invalid condition id : Cortex-A Device cause : null
2025-10-03 13:55:08,478 [WARN] ConditionMgr:1044 - genDependencies : Invalid condition id : Cortex-A Device cause : null
2025-10-03 13:55:08,478 [WARN] ConditionMgr:1044 - genDependencies : Invalid condition id : Cortex-A Device cause : null
2025-10-03 13:55:08,487 [WARN] PackLoader:240 - Cannot read IP mode file for STMicroelectronics.X-CUBE-SUBG2.5.0.0
2025-10-03 13:55:08,506 [WARN] PackLoader:240 - Cannot read IP mode file for STMicroelectronics.X-CUBE-AZRTOS-H7RS.1.1.0
2025-10-03 13:55:08,518 [WARN] PackLoader:240 - Cannot read IP mode file for STMicroelectronics.X-CUBE-AZRTOS-G4.2.0.0
2025-10-03 13:55:08,523 [WARN] PackLoader:240 - Cannot read IP mode file for wolfSSL.I-CUBE-wolfSSH.1.4.20
2025-10-03 13:55:08,527 [WARN] PackLoader:240 - Cannot read IP mode file for STMicroelectronics.X-CUBE-NFC7.2.0.0
2025-10-03 13:55:08,535 [WARN] PackLoader:240 - Cannot read IP mode file for STMicroelectronics.X-CUBE-IPS.3.1.0
2025-10-03 13:55:08,554 [WARN] PackLoader:240 - Cannot read IP mode file for STMicroelectronics.X-CUBE-ALS.1.0.2
2025-10-03 13:55:08,560 [WARN] PackLoader:240 - Cannot read IP mode file for STMicroelectronics.X-CUBE-STSE01.1.0.0
2025-10-03 13:55:08,572 [WARN] PackLoader:240 - Cannot read IP mode file for STMicroelectronics.X-CUBE-TOF1.3.4.3
2025-10-03 13:55:08,590 [INFO] ThirdParty:978 - Integrity check success = true
2025-10-03 13:55:08,590 [INFO] IntegrityCheckThread:100 - exiting critical section [integrity check]
2025-10-03 13:55:08,590 [INFO] IntegrityCheckThread:103 - End integrity checks thread
